// Jest Snapshot v1, https://goo.gl/fbAQLP

exports[`<Modal /> should render and match the snapshot 1`] = `
<aside
  class="modal__overlay"
>
  <div>
    <div
      class="modal "
    >
      <div
        class="modal__header"
      >
        <h2
          class="modal__title"
        />
        <button
          type="button"
        >
          Close
        </button>
      </div>
      <div
        class="modal__variable-height"
      />
    </div>
  </div>
</aside>
`;

exports[`cancelButton func should render and match the snapshot 1`] = `
<button
  type="button"
>
  Cancel
</button>
`;
