// Jest Snapshot v1, https://goo.gl/fbAQLP

exports[`<HomePage /> should render and match the snapshot 1`] = `
<main>
  <h1
    class="title title--1"
  >
    Handball Scoreboard
  </h1>
  <div
    class="game-list__container"
  >
    <button
      aria-label="Create a game"
      class="MuiButtonBase-root MuiButton-root MuiButton-contained button button--image game-list__button game-list__button--new-game"
      tabindex="0"
      title="Create a game"
      type="button"
    >
      <span
        class="MuiButton-label"
      >
        <img
          alt="Thumbnail of the application"
          src="IMAGE_MOCK"
          style="max-width: 300px;"
        />
      </span>
      <span
        class="MuiTouchRipple-root"
      />
    </button>
    <h2
      id="homeTitle"
    >
      Create a game
    </h2>
    <p>
      Want to start quickly? Just click the "
      <strong>
        Create a game
      </strong>
      " button and you're started!
    </p>
    <p>
      No need for any configuration, you can start to register the score of a game straight away, handle half-times and register time-outs.
    </p>
    <p>
      If you want to register who's scoring as well as yellow cards, suspensions or other fouls, just enter the players' numbers and/or names in the settings. You can also save the team's names, their jersey (and number) colour(s), name of officials, location and time of the game, the competition and many more.
    </p>
    <p>
      Once created, you will find your game in the list of saved games bellow.
    </p>
    <p>
      <button
        class="MuiButtonBase-root MuiButton-root MuiButton-contained MuiButton-containedPrimary"
        tabindex="0"
        type="button"
      >
        <span
          class="MuiButton-label"
        >
          Create a game
        </span>
        <span
          class="MuiTouchRipple-root"
        />
      </button>
    </p>
  </div>
  <div
    class="game-list__container"
  >
    <h2
      id="gameListTitle"
    >
      Saved games
       
      
    </h2>
  </div>
  <div
    class="game-list__container"
  >
    <p>
      You have no games saved yet. Create one and it will appear here.
    </p>
  </div>
</main>
`;
